
	 Module chem/orca/5.0.4 has been loaded

	 Activated primary packages:
		 ORCA version 5.0.4

	 Activated secondary packages:
		 OpenMPI version 4.0
		 Intel Compiler version 19.1.2


======================== JOB EFFICIENCY REPORT ========================
Job ID: 10639123
Cluster: justus2
User/Group: tu_zxocf24/tu_tu
State: COMPLETED (exit code 0)
Nodes: 1
Cores per node: 24
CPU Utilized: 05:20:30
CPU Efficiency: 79.02% of 06:45:36 core-walltime
Job Wall-clock time: 00:16:54
Memory Utilized: 1.78 GB
Memory Efficiency: 3.71% of 48.00 GB
