----------------------------------------------- 
  Element       SASA      Sigma Z        Total  
     Z         Ang**2 cal/Ang**2/mol   kcal/mol 
----------------------------------------------- 
      H         71.677      48.690       3.490
      C         47.043     129.740       6.103
      N         12.415       0.000       0.000
      O         45.404       0.000       0.000
      F         23.214      38.180       0.886
      S         21.947      -9.100      -0.200

 Subtotal:     221.699                  10.280
 -----------------------------------------------

  Elements    COT*SASA   Sigma Z,Z'     Total   
    Z,Z'       Ang**2  cal/Ang**2/mol kcal/mol  
 ---------------------------------------------- 
  H   C         48.360     -60.770      -2.939
  H   O          0.000       0.000       0.000
  C   C         42.876     -72.950      -3.128
  O   C          0.000      68.690       0.000
  O   O          0.000       0.000       0.000
  C   N          8.148       0.000       0.000
  N   C         45.172     -48.220      -2.178
  N  C(3)        0.000      84.100       0.000
  O   N         26.652     121.980       3.251

 Subtotal:                              -4.994
 ---------------------------------------------- 

 NONAQUEOUS SOLVENT CONTRIBUTION (kcal/mol):
 (proportional to SASA, atomic number independent)
 ---------------------------------------------- 
 Subtotal:                               0.000
 ---------------------------------------------- 

 CDS TOTAL (kcal/mol):                   5.286
...............................................................................
