----------------------------------------------- 
  Element       SASA      Sigma Z        Total  
     Z         Ang**2 cal/Ang**2/mol   kcal/mol 
----------------------------------------------- 
      H         71.177      48.690       3.466
      C         48.071     129.740       6.237
      N         13.682       0.000       0.000
      O         47.019       0.000       0.000
      F         18.171      38.180       0.694
      S         29.264      -9.100      -0.266

 Subtotal:     227.385                  10.130
 -----------------------------------------------

  Elements    COT*SASA   Sigma Z,Z'     Total   
    Z,Z'       Ang**2  cal/Ang**2/mol kcal/mol  
 ---------------------------------------------- 
  H   C         47.989     -60.770      -2.916
  H   O          0.000       0.000       0.000
  C   C         43.294     -72.950      -3.158
  O   C          0.000      68.690       0.000
  O   O          0.000       0.000       0.000
  C   N          8.411       0.000       0.000
  N   C         36.781     -48.220      -1.774
  N  C(3)        0.000      84.100       0.000
  O   N         27.812     121.980       3.393

 Subtotal:                              -4.456
 ---------------------------------------------- 

 NONAQUEOUS SOLVENT CONTRIBUTION (kcal/mol):
 (proportional to SASA, atomic number independent)
 ---------------------------------------------- 
 Subtotal:                               0.000
 ---------------------------------------------- 

 CDS TOTAL (kcal/mol):                   5.674
...............................................................................
