----------------------------------------------- 
  Element       SASA      Sigma Z        Total  
     Z         Ang**2 cal/Ang**2/mol   kcal/mol 
----------------------------------------------- 
      H         68.965      48.690       3.358
      C         49.514     129.740       6.424
      N         15.404       0.000       0.000
      O         49.774       0.000       0.000
      F         24.220      38.180       0.925
      S         39.404      -9.100      -0.359

 Subtotal:     247.280                  10.348
 -----------------------------------------------

  Elements    COT*SASA   Sigma Z,Z'     Total   
    Z,Z'       Ang**2  cal/Ang**2/mol kcal/mol  
 ---------------------------------------------- 
  H   C         46.466     -60.770      -2.824
  H   O          0.000       0.000       0.000
  C   C         38.968     -72.950      -2.843
  O   C          0.000      68.690       0.000
  O   O          0.000       0.000       0.000
  C   N         11.828       0.000       0.000
  N   C         52.932     -48.220      -2.552
  N  C(3)        7.435      84.100       0.625
  O   N         29.366     121.980       3.582

 Subtotal:                              -4.012
 ---------------------------------------------- 

 NONAQUEOUS SOLVENT CONTRIBUTION (kcal/mol):
 (proportional to SASA, atomic number independent)
 ---------------------------------------------- 
 Subtotal:                               0.000
 ---------------------------------------------- 

 CDS TOTAL (kcal/mol):                   6.336
...............................................................................
