----------------------------------------------- 
  Element       SASA      Sigma Z        Total  
     Z         Ang**2 cal/Ang**2/mol   kcal/mol 
----------------------------------------------- 
      H         76.080      48.690       3.704
      C         60.690     129.740       7.874
      N         16.796       0.000       0.000
      O         47.535       0.000       0.000
      F         31.354      38.180       1.197
      S         41.264      -9.100      -0.376

 Subtotal:     273.719                  12.400
 -----------------------------------------------

  Elements    COT*SASA   Sigma Z,Z'     Total   
    Z,Z'       Ang**2  cal/Ang**2/mol kcal/mol  
 ---------------------------------------------- 
  H   C         51.262     -60.770      -3.115
  H   O          0.000       0.000       0.000
  C   C         48.856     -72.950      -3.564
  O   C          0.000      68.690       0.000
  O   O          0.000       0.000       0.000
  C   N         15.067       0.000       0.000
  N   C         28.392     -48.220      -1.369
  N  C(3)        7.305      84.100       0.614
  O   N         28.567     121.980       3.485

 Subtotal:                              -3.949
 ---------------------------------------------- 

 NONAQUEOUS SOLVENT CONTRIBUTION (kcal/mol):
 (proportional to SASA, atomic number independent)
 ---------------------------------------------- 
 Subtotal:                               0.000
 ---------------------------------------------- 

 CDS TOTAL (kcal/mol):                   8.450
...............................................................................
