
	 Module chem/orca/5.0.4 has been loaded

	 Activated primary packages:
		 ORCA version 5.0.4

	 Activated secondary packages:
		 OpenMPI version 4.0
		 Intel Compiler version 19.1.2

[file orca_tools/Tool-Misc/qcredint.cpp, line 4176]: Error (ORCA_QCREDINT): There are still open fragments!
Check Your Input

[file orca_tools/qcmsg.cpp, line 465]: 
  .... aborting the run


======================== JOB EFFICIENCY REPORT ========================
Job ID: 10623489
Cluster: justus2
User/Group: tu_zxocf24/tu_tu
State: COMPLETED (exit code 0)
Nodes: 1
Cores per node: 24
CPU Utilized: 00:00:01
CPU Efficiency: 1.39% of 00:01:12 core-walltime
Job Wall-clock time: 00:00:03
Memory Utilized: 1.05 MB
Memory Efficiency: 0.00% of 48.00 GB
