----------------------------------------------- 
  Element       SASA      Sigma Z        Total  
     Z         Ang**2 cal/Ang**2/mol   kcal/mol 
----------------------------------------------- 
      H         74.708      48.690       3.638
      C         59.585     129.740       7.731
      N         17.512       0.000       0.000
      O         47.997       0.000       0.000
      F         21.374      38.180       0.816
      S         44.088      -9.100      -0.401

 Subtotal:     265.263                  11.783
 -----------------------------------------------

  Elements    COT*SASA   Sigma Z,Z'     Total   
    Z,Z'       Ang**2  cal/Ang**2/mol kcal/mol  
 ---------------------------------------------- 
  H   C         50.382     -60.770      -3.062
  H   O          0.000       0.000       0.000
  C   C         51.477     -72.950      -3.755
  O   C          0.000      68.690       0.000
  O   O          0.000       0.000       0.000
  C   N         12.864       0.000       0.000
  N   C         49.630     -48.220      -2.393
  N  C(3)        0.000      84.100       0.000
  O   N         28.305     121.980       3.453

 Subtotal:                              -5.757
 ---------------------------------------------- 

 NONAQUEOUS SOLVENT CONTRIBUTION (kcal/mol):
 (proportional to SASA, atomic number independent)
 ---------------------------------------------- 
 Subtotal:                               0.000
 ---------------------------------------------- 

 CDS TOTAL (kcal/mol):                   6.025
...............................................................................
