/home/xb/uni/MA/14_transition_state/orca/other_ligands/cluster_flourine_results/2f3_flourine_prod_orient_smd/version_2/ts_search_rearranged/conf_39
-990.267623561589
-990.264303268081
-990.158598665679
-990.116512261429
-990.114345085680
-990.114300454663
-990.116977224257
-990.140802247286
-990.218155067370
-990.305428184001
