----------------------------------------------- 
  Element       SASA      Sigma Z        Total  
     Z         Ang**2 cal/Ang**2/mol   kcal/mol 
----------------------------------------------- 
      H         63.942      48.690       3.113
      C         53.850     129.740       6.986
      N         15.507       0.000       0.000
      O         44.307       0.000       0.000
      F         37.600      38.180       1.436
      S         26.297      -9.100      -0.239

 Subtotal:     241.502                  11.296
 -----------------------------------------------

  Elements    COT*SASA   Sigma Z,Z'     Total   
    Z,Z'       Ang**2  cal/Ang**2/mol kcal/mol  
 ---------------------------------------------- 
  H   C         43.157     -60.770      -2.623
  H   O          0.000       0.000       0.000
  C   C         47.615     -72.950      -3.474
  O   C          0.000      68.690       0.000
  O   O          0.000       0.000       0.000
  C   N         10.566       0.000       0.000
  N   C         42.782     -48.220      -2.063
  N  C(3)        0.000      84.100       0.000
  O   N         26.537     121.980       3.237

 Subtotal:                              -4.922
 ---------------------------------------------- 

 NONAQUEOUS SOLVENT CONTRIBUTION (kcal/mol):
 (proportional to SASA, atomic number independent)
 ---------------------------------------------- 
 Subtotal:                               0.000
 ---------------------------------------------- 

 CDS TOTAL (kcal/mol):                   6.374
...............................................................................
