----------------------------------------------- 
  Element       SASA      Sigma Z        Total  
     Z         Ang**2 cal/Ang**2/mol   kcal/mol 
----------------------------------------------- 
      H         72.213      48.690       3.516
      C         42.311     129.740       5.489
      N         21.561       0.000       0.000
      O         47.208       0.000       0.000
      F         27.096      38.180       1.035
      S         21.082      -9.100      -0.192

 Subtotal:     231.472                   9.848
 -----------------------------------------------

  Elements    COT*SASA   Sigma Z,Z'     Total   
    Z,Z'       Ang**2  cal/Ang**2/mol kcal/mol  
 ---------------------------------------------- 
  H   C         48.650     -60.770      -2.956
  H   O          0.000       0.000       0.000
  C   C         40.306     -72.950      -2.940
  O   C          0.000      68.690       0.000
  O   O          0.000       0.000       0.000
  C   N          9.952       0.000       0.000
  N   C         75.032     -48.220      -3.618
  N  C(3)        9.748      84.100       0.820
  O   N         27.759     121.980       3.386

 Subtotal:                              -5.309
 ---------------------------------------------- 

 NONAQUEOUS SOLVENT CONTRIBUTION (kcal/mol):
 (proportional to SASA, atomic number independent)
 ---------------------------------------------- 
 Subtotal:                               0.000
 ---------------------------------------------- 

 CDS TOTAL (kcal/mol):                   4.539
...............................................................................
