/home/xb/uni/MA/14_transition_state/orca/other_ligands/cluster_flourine_results/2f3_flourine_prod_orient_smd/version_2/ts_search_rearranged/conf_83
-990.266454220416
-990.273343087422
-990.272886577367
-990.267128005623
-990.260863848063
-990.263196422837
-990.272818690953
-990.295674503214
-990.303339372898
-990.305463452704
