
	 Module chem/orca/5.0.1 has been loaded

	 Activated primary packages:
		 ORCA version 5.0.1

	 Activated secondary packages:
		 OpenMPI version 4.0
		 Intel Compiler version 19.1.2


/var/spool/slurmd/job10681371/slurm_script: line 13: 63984: command not found

======================== JOB EFFICIENCY REPORT ========================
Job ID: 10681371
Cluster: justus2
User/Group: tu_zxocf24/tu_tu
State: FAILED (exit code 127)
Nodes: 1
Cores per node: 24
CPU Utilized: 14-22:40:32
CPU Efficiency: 84.06% of 17-18:40:48 core-walltime
Job Wall-clock time: 17:46:42
Memory Utilized: 2.64 GB
Memory Efficiency: 5.51% of 48.00 GB
