
	 Module chem/orca/5.0.1 has been loaded

	 Activated primary packages:
		 ORCA version 5.0.1

	 Activated secondary packages:
		 OpenMPI version 4.0
		 Intel Compiler version 19.1.2


/var/spool/slurmd/job10681363/slurm_script: line 13: 58254: command not found

======================== JOB EFFICIENCY REPORT ========================
Job ID: 10681363
Cluster: justus2
User/Group: tu_zxocf24/tu_tu
State: FAILED (exit code 127)
Nodes: 1
Cores per node: 24
CPU Utilized: 13-14:52:18
CPU Efficiency: 84.15% of 16-04:27:12 core-walltime
Job Wall-clock time: 16:11:08
Memory Utilized: 2.68 GB
Memory Efficiency: 5.58% of 48.00 GB
