----------------------------------------------- 
  Element       SASA      Sigma Z        Total  
     Z         Ang**2 cal/Ang**2/mol   kcal/mol 
----------------------------------------------- 
      H         70.839      48.690       3.449
      C         48.232     129.740       6.258
      N         16.459       0.000       0.000
      O         44.767       0.000       0.000
      F         16.321      38.180       0.623
      S         29.210      -9.100      -0.266

 Subtotal:     225.828                  10.064
 -----------------------------------------------

  Elements    COT*SASA   Sigma Z,Z'     Total   
    Z,Z'       Ang**2  cal/Ang**2/mol kcal/mol  
 ---------------------------------------------- 
  H   C         47.768     -60.770      -2.903
  H   O          0.000       0.000       0.000
  C   C         43.790     -72.950      -3.194
  O   C          0.000      68.690       0.000
  O   O          0.000       0.000       0.000
  C   N          8.547       0.000       0.000
  N   C         45.756     -48.220      -2.206
  N  C(3)        0.000      84.100       0.000
  O   N         26.470     121.980       3.229

 Subtotal:                              -5.075
 ---------------------------------------------- 

 NONAQUEOUS SOLVENT CONTRIBUTION (kcal/mol):
 (proportional to SASA, atomic number independent)
 ---------------------------------------------- 
 Subtotal:                               0.000
 ---------------------------------------------- 

 CDS TOTAL (kcal/mol):                   4.989
...............................................................................
