/home/xb/uni/MA/14_transition_state/orca/other_ligands/cluster_flourine_results/2f3_flourine_prod_orient_smd/version_2/ts_search_rearranged/conf_81
-990.266421767106
-990.274514563670
-990.270983803924
-990.262247668295
-990.263714972164
-990.272329291319
-990.283425369557
-990.300071460607
-990.303464822668
-990.305416699445
