----------------------------------------------- 
  Element       SASA      Sigma Z        Total  
     Z         Ang**2 cal/Ang**2/mol   kcal/mol 
----------------------------------------------- 
      H         70.474      48.690       3.431
      C         48.142     129.740       6.246
      N         16.451       0.000       0.000
      O         44.100       0.000       0.000
      F         16.601      38.180       0.634
      S         29.213      -9.100      -0.266

 Subtotal:     224.981                  10.045
 -----------------------------------------------

  Elements    COT*SASA   Sigma Z,Z'     Total   
    Z,Z'       Ang**2  cal/Ang**2/mol kcal/mol  
 ---------------------------------------------- 
  H   C         47.521     -60.770      -2.888
  H   O          0.000       0.000       0.000
  C   C         43.755     -72.950      -3.192
  O   C          0.000      68.690       0.000
  O   O          0.000       0.000       0.000
  C   N          8.524       0.000       0.000
  N   C         45.678     -48.220      -2.203
  N  C(3)        0.000      84.100       0.000
  O   N         26.078     121.980       3.181

 Subtotal:                              -5.101
 ---------------------------------------------- 

 NONAQUEOUS SOLVENT CONTRIBUTION (kcal/mol):
 (proportional to SASA, atomic number independent)
 ---------------------------------------------- 
 Subtotal:                               0.000
 ---------------------------------------------- 

 CDS TOTAL (kcal/mol):                   4.944
...............................................................................
