
	 Module chem/orca/5.0.4 has been loaded

	 Activated primary packages:
		 ORCA version 5.0.4

	 Activated secondary packages:
		 OpenMPI version 4.0
		 Intel Compiler version 19.1.2


======================== JOB EFFICIENCY REPORT ========================
Job ID: 10639126
Cluster: justus2
User/Group: tu_zxocf24/tu_tu
State: COMPLETED (exit code 0)
Nodes: 1
Cores per node: 24
CPU Utilized: 06:16:38
CPU Efficiency: 76.74% of 08:10:48 core-walltime
Job Wall-clock time: 00:20:27
Memory Utilized: 1.76 GB
Memory Efficiency: 3.67% of 48.00 GB
