
	 Module chem/orca/5.0.4 has been loaded

	 Activated primary packages:
		 ORCA version 5.0.4

	 Activated secondary packages:
		 OpenMPI version 4.0
		 Intel Compiler version 19.1.2


======================== JOB EFFICIENCY REPORT ========================
Job ID: 10639139
Cluster: justus2
User/Group: tu_zxocf24/tu_tu
State: COMPLETED (exit code 0)
Nodes: 1
Cores per node: 24
CPU Utilized: 06:41:39
CPU Efficiency: 76.71% of 08:43:36 core-walltime
Job Wall-clock time: 00:21:49
Memory Utilized: 1.76 GB
Memory Efficiency: 3.67% of 48.00 GB
