----------------------------------------------- 
  Element       SASA      Sigma Z        Total  
     Z         Ang**2 cal/Ang**2/mol   kcal/mol 
----------------------------------------------- 
      H         69.910      48.690       3.404
      C         48.392     129.740       6.278
      N         16.379       0.000       0.000
      O         43.868       0.000       0.000
      F         16.359      38.180       0.625
      S         29.449      -9.100      -0.268

 Subtotal:     224.357                  10.039
 -----------------------------------------------

  Elements    COT*SASA   Sigma Z,Z'     Total   
    Z,Z'       Ang**2  cal/Ang**2/mol kcal/mol  
 ---------------------------------------------- 
  H   C         47.142     -60.770      -2.865
  H   O          0.000       0.000       0.000
  C   C         43.933     -72.950      -3.205
  O   C          0.000      68.690       0.000
  O   O          0.000       0.000       0.000
  C   N          8.579       0.000       0.000
  N   C         45.554     -48.220      -2.197
  N  C(3)        0.000      84.100       0.000
  O   N         25.938     121.980       3.164

 Subtotal:                              -5.102
 ---------------------------------------------- 

 NONAQUEOUS SOLVENT CONTRIBUTION (kcal/mol):
 (proportional to SASA, atomic number independent)
 ---------------------------------------------- 
 Subtotal:                               0.000
 ---------------------------------------------- 

 CDS TOTAL (kcal/mol):                   4.936
...............................................................................
