----------------------------------------------- 
  Element       SASA      Sigma Z        Total  
     Z         Ang**2 cal/Ang**2/mol   kcal/mol 
----------------------------------------------- 
      H         74.935      48.690       3.649
      C         59.440     129.740       7.712
      N         17.472       0.000       0.000
      O         48.031       0.000       0.000
      F         21.374      38.180       0.816
      S         44.089      -9.100      -0.401

 Subtotal:     265.342                  11.775
 -----------------------------------------------

  Elements    COT*SASA   Sigma Z,Z'     Total   
    Z,Z'       Ang**2  cal/Ang**2/mol kcal/mol  
 ---------------------------------------------- 
  H   C         50.521     -60.770      -3.070
  H   O          0.000       0.000       0.000
  C   C         51.266     -72.950      -3.740
  O   C          0.000      68.690       0.000
  O   O          0.000       0.000       0.000
  C   N         12.912       0.000       0.000
  N   C         49.418     -48.220      -2.383
  N  C(3)        0.000      84.100       0.000
  O   N         28.327     121.980       3.455

 Subtotal:                              -5.738
 ---------------------------------------------- 

 NONAQUEOUS SOLVENT CONTRIBUTION (kcal/mol):
 (proportional to SASA, atomic number independent)
 ---------------------------------------------- 
 Subtotal:                               0.000
 ---------------------------------------------- 

 CDS TOTAL (kcal/mol):                   6.038
...............................................................................
