
	 Module chem/orca/5.0.1 has been loaded

	 Activated primary packages:
		 ORCA version 5.0.1

	 Activated secondary packages:
		 OpenMPI version 4.0
		 Intel Compiler version 19.1.2


/var/spool/slurmd/job10681217/slurm_script: line 13: 43143: command not found

======================== JOB EFFICIENCY REPORT ========================
Job ID: 10681217
Cluster: justus2
User/Group: tu_zxocf24/tu_tu
State: FAILED (exit code 127)
Nodes: 1
Cores per node: 24
CPU Utilized: 9-16:12:28
CPU Efficiency: 80.69% of 11-23:46:00 core-walltime
Job Wall-clock time: 11:59:25
Memory Utilized: 2.69 GB
Memory Efficiency: 5.61% of 48.00 GB
