----------------------------------------------- 
  Element       SASA      Sigma Z        Total  
     Z         Ang**2 cal/Ang**2/mol   kcal/mol 
----------------------------------------------- 
      H         74.912      48.690       3.647
      C         59.640     129.740       7.738
      N         17.474       0.000       0.000
      O         48.116       0.000       0.000
      F         21.373      38.180       0.816
      S         44.089      -9.100      -0.401

 Subtotal:     265.605                  11.800
 -----------------------------------------------

  Elements    COT*SASA   Sigma Z,Z'     Total   
    Z,Z'       Ang**2  cal/Ang**2/mol kcal/mol  
 ---------------------------------------------- 
  H   C         50.532     -60.770      -3.071
  H   O          0.000       0.000       0.000
  C   C         51.541     -72.950      -3.760
  O   C          0.000      68.690       0.000
  O   O          0.000       0.000       0.000
  C   N         12.876       0.000       0.000
  N   C         49.583     -48.220      -2.391
  N  C(3)        0.000      84.100       0.000
  O   N         28.365     121.980       3.460

 Subtotal:                              -5.762
 ---------------------------------------------- 

 NONAQUEOUS SOLVENT CONTRIBUTION (kcal/mol):
 (proportional to SASA, atomic number independent)
 ---------------------------------------------- 
 Subtotal:                               0.000
 ---------------------------------------------- 

 CDS TOTAL (kcal/mol):                   6.038
...............................................................................
