/home/xb/uni/MA/14_transition_state/orca/other_ligands/cluster_flourine_results/2f3_flourine_prod_orient_smd/version_2/ts_search_rearranged/conf_60
-990.260230855092
-990.273988763911
-990.275656350639
-990.265805920835
-990.256757610064
-990.258749475373
-990.272796539394
-990.295566783725
-990.295183340378
-990.305515951645
