
	 Module chem/orca/5.0.4 has been loaded

	 Activated primary packages:
		 ORCA version 5.0.4

	 Activated secondary packages:
		 OpenMPI version 4.0
		 Intel Compiler version 19.1.2

[file orca_tools/Tool-Misc/qcredint.cpp, line 4176]: Error (ORCA_QCREDINT): There are still open fragments!
Check Your Input

[file orca_tools/qcmsg.cpp, line 465]: 
  .... aborting the run


======================== JOB EFFICIENCY REPORT ========================
Job ID: 10623514
Cluster: justus2
User/Group: tu_zxocf24/tu_tu
State: RUNNING
Nodes: 1
Cores per node: 24
CPU Utilized: 00:00:00
CPU Efficiency: 0.00% of 00:01:12 core-walltime
Job Wall-clock time: 00:00:03
Memory Utilized: 0.00 MB (estimated maximum)
Memory Efficiency: 0.00% of 48.00 GB (2.00 GB/core)
WARNING: Efficiency statistics may be misleading for RUNNING jobs.
