----------------------------------------------- 
  Element       SASA      Sigma Z        Total  
     Z         Ang**2 cal/Ang**2/mol   kcal/mol 
----------------------------------------------- 
      H         70.240      48.690       3.420
      C         48.200     129.740       6.253
      N         16.476       0.000       0.000
      O         43.867       0.000       0.000
      F         16.573      38.180       0.633
      S         29.372      -9.100      -0.267

 Subtotal:     224.728                  10.039
 -----------------------------------------------

  Elements    COT*SASA   Sigma Z,Z'     Total   
    Z,Z'       Ang**2  cal/Ang**2/mol kcal/mol  
 ---------------------------------------------- 
  H   C         47.364     -60.770      -2.878
  H   O          0.000       0.000       0.000
  C   C         43.863     -72.950      -3.200
  O   C          0.000      68.690       0.000
  O   O          0.000       0.000       0.000
  C   N          8.545       0.000       0.000
  N   C         45.721     -48.220      -2.205
  N  C(3)        0.000      84.100       0.000
  O   N         25.943     121.980       3.165

 Subtotal:                              -5.118
 ---------------------------------------------- 

 NONAQUEOUS SOLVENT CONTRIBUTION (kcal/mol):
 (proportional to SASA, atomic number independent)
 ---------------------------------------------- 
 Subtotal:                               0.000
 ---------------------------------------------- 

 CDS TOTAL (kcal/mol):                   4.921
...............................................................................
