/home/xb/uni/MA/14_transition_state/orca/other_ligands/cluster_flourine_results/2f3_flourine_prod_orient_smd/version_2/ts_search_rearranged/conf_52
-990.267558425171
-990.272046598996
-990.249603612483
-990.142537081494
-990.116748398336
-990.114559914372
-990.115077062121
-990.134623511445
-990.207811803197
-990.305398419670
