----------------------------------------------- 
  Element       SASA      Sigma Z        Total  
     Z         Ang**2 cal/Ang**2/mol   kcal/mol 
----------------------------------------------- 
      H         65.971      48.690       3.212
      C         38.652     129.740       5.015
      N         16.643       0.000       0.000
      O         48.299       0.000       0.000
      F         21.302      38.180       0.813
      S         32.377      -9.100      -0.295

 Subtotal:     223.245                   8.746
 -----------------------------------------------

  Elements    COT*SASA   Sigma Z,Z'     Total   
    Z,Z'       Ang**2  cal/Ang**2/mol kcal/mol  
 ---------------------------------------------- 
  H   C         44.503     -60.770      -2.704
  H   O          0.000       0.000       0.000
  C   C         34.030     -72.950      -2.482
  O   C          0.000      68.690       0.000
  O   O          0.000       0.000       0.000
  C   N          6.838       0.000       0.000
  N   C         46.364     -48.220      -2.236
  N  C(3)        0.000      84.100       0.000
  O   N         28.548     121.980       3.482

 Subtotal:                              -3.940
 ---------------------------------------------- 

 NONAQUEOUS SOLVENT CONTRIBUTION (kcal/mol):
 (proportional to SASA, atomic number independent)
 ---------------------------------------------- 
 Subtotal:                               0.000
 ---------------------------------------------- 

 CDS TOTAL (kcal/mol):                   4.805
...............................................................................
