----------------------------------------------- 
  Element       SASA      Sigma Z        Total  
     Z         Ang**2 cal/Ang**2/mol   kcal/mol 
----------------------------------------------- 
      H         75.116      48.690       3.657
      C         59.153     129.740       7.674
      N          9.165       0.000       0.000
      O         50.305       0.000       0.000
      F         37.446      38.180       1.430
      S         29.158      -9.100      -0.265

 Subtotal:     260.343                  12.496
 -----------------------------------------------

  Elements    COT*SASA   Sigma Z,Z'     Total   
    Z,Z'       Ang**2  cal/Ang**2/mol kcal/mol  
 ---------------------------------------------- 
  H   C         50.650     -60.770      -3.078
  H   O          0.000       0.000       0.000
  C   C         49.560     -72.950      -3.615
  O   C          0.000      68.690       0.000
  O   O          0.000       0.000       0.000
  C   N         13.441       0.000       0.000
  N   C         14.080     -48.220      -0.679
  N  C(3)        1.149      84.100       0.097
  O   N         30.128     121.980       3.675

 Subtotal:                              -3.601
 ---------------------------------------------- 

 NONAQUEOUS SOLVENT CONTRIBUTION (kcal/mol):
 (proportional to SASA, atomic number independent)
 ---------------------------------------------- 
 Subtotal:                               0.000
 ---------------------------------------------- 

 CDS TOTAL (kcal/mol):                   8.896
...............................................................................
