
	 Module chem/orca/5.0.1 has been loaded

	 Activated primary packages:
		 ORCA version 5.0.1

	 Activated secondary packages:
		 OpenMPI version 4.0
		 Intel Compiler version 19.1.2


