----------------------------------------------- 
  Element       SASA      Sigma Z        Total  
     Z         Ang**2 cal/Ang**2/mol   kcal/mol 
----------------------------------------------- 
      H         72.457      48.690       3.528
      C         49.717     129.740       6.450
      N         16.203       0.000       0.000
      O         44.486       0.000       0.000
      F         30.566      38.180       1.167
      S         23.034      -9.100      -0.210

 Subtotal:     236.462                  10.936
 -----------------------------------------------

  Elements    COT*SASA   Sigma Z,Z'     Total   
    Z,Z'       Ang**2  cal/Ang**2/mol kcal/mol  
 ---------------------------------------------- 
  H   C         48.876     -60.770      -2.970
  H   O          0.000       0.000       0.000
  C   C         44.077     -72.950      -3.215
  O   C          0.000      68.690       0.000
  O   O          0.000       0.000       0.000
  C   N          8.719       0.000       0.000
  N   C         45.254     -48.220      -2.182
  N  C(3)        0.000      84.100       0.000
  O   N         26.604     121.980       3.245

 Subtotal:                              -5.123
 ---------------------------------------------- 

 NONAQUEOUS SOLVENT CONTRIBUTION (kcal/mol):
 (proportional to SASA, atomic number independent)
 ---------------------------------------------- 
 Subtotal:                               0.000
 ---------------------------------------------- 

 CDS TOTAL (kcal/mol):                   5.813
...............................................................................
