----------------------------------------------- 
  Element       SASA      Sigma Z        Total  
     Z         Ang**2 cal/Ang**2/mol   kcal/mol 
----------------------------------------------- 
      H         73.612      48.690       3.584
      C         51.063     129.740       6.625
      N         16.182       0.000       0.000
      O         46.775       0.000       0.000
      F         17.214      38.180       0.657
      S         31.006      -9.100      -0.282

 Subtotal:     235.853                  10.584
 -----------------------------------------------

  Elements    COT*SASA   Sigma Z,Z'     Total   
    Z,Z'       Ang**2  cal/Ang**2/mol kcal/mol  
 ---------------------------------------------- 
  H   C         49.623     -60.770      -3.016
  H   O          0.000       0.000       0.000
  C   C         45.640     -72.950      -3.329
  O   C          0.000      68.690       0.000
  O   O          0.000       0.000       0.000
  C   N          9.323       0.000       0.000
  N   C         45.414     -48.220      -2.190
  N  C(3)        0.000      84.100       0.000
  O   N         27.892     121.980       3.402

 Subtotal:                              -5.133
 ---------------------------------------------- 

 NONAQUEOUS SOLVENT CONTRIBUTION (kcal/mol):
 (proportional to SASA, atomic number independent)
 ---------------------------------------------- 
 Subtotal:                               0.000
 ---------------------------------------------- 

 CDS TOTAL (kcal/mol):                   5.452
...............................................................................
