----------------------------------------------- 
  Element       SASA      Sigma Z        Total  
     Z         Ang**2 cal/Ang**2/mol   kcal/mol 
----------------------------------------------- 
      H         71.824      48.690       3.497
      C         50.346     129.740       6.532
      N         12.172       0.000       0.000
      O         44.996       0.000       0.000
      F         36.263      38.180       1.385
      S         23.912      -9.100      -0.218

 Subtotal:     239.513                  11.196
 -----------------------------------------------

  Elements    COT*SASA   Sigma Z,Z'     Total   
    Z,Z'       Ang**2  cal/Ang**2/mol kcal/mol  
 ---------------------------------------------- 
  H   C         48.475     -60.770      -2.946
  H   O          0.000       0.000       0.000
  C   C         43.868     -72.950      -3.200
  O   C          0.000      68.690       0.000
  O   O          0.000       0.000       0.000
  C   N          9.927       0.000       0.000
  N   C         33.520     -48.220      -1.616
  N  C(3)        0.000      84.100       0.000
  O   N         26.862     121.980       3.277

 Subtotal:                              -4.486
 ---------------------------------------------- 

 NONAQUEOUS SOLVENT CONTRIBUTION (kcal/mol):
 (proportional to SASA, atomic number independent)
 ---------------------------------------------- 
 Subtotal:                               0.000
 ---------------------------------------------- 

 CDS TOTAL (kcal/mol):                   6.710
...............................................................................
