/home/xb/uni/MA/14_transition_state/orca/other_ligands/cluster_flourine_results/2f3_flourine_prod_orient_smd/version_2/ts_search_rearranged/conf_26
-990.267837700538
-990.257715599717
-990.134496082419
-990.114381932887
-990.114752820719
-990.115188313939
-990.119404750702
-990.147095065757
-990.230506038348
-990.305472055610
