
	 Module chem/orca/5.0.1 has been loaded

	 Activated primary packages:
		 ORCA version 5.0.1

	 Activated secondary packages:
		 OpenMPI version 4.0
		 Intel Compiler version 19.1.2


[file orca_main/run.cpp, line 12281]: ORCA finished with error return - aborting the run

======================== JOB EFFICIENCY REPORT ========================
Job ID: 10681355
Cluster: justus2
User/Group: tu_zxocf24/tu_tu
State: FAILED (exit code 2)
Nodes: 1
Cores per node: 24
CPU Utilized: 14-19:03:33
CPU Efficiency: 84.53% of 17-12:01:36 core-walltime
Job Wall-clock time: 17:30:04
Memory Utilized: 2.34 GB
Memory Efficiency: 4.87% of 48.00 GB
