
	 Module chem/orca/5.0.1 has been loaded

	 Activated primary packages:
		 ORCA version 5.0.1

	 Activated secondary packages:
		 OpenMPI version 4.0
		 Intel Compiler version 19.1.2


/var/spool/slurmd/job10681213/slurm_script: line 13: 52381: command not found

======================== JOB EFFICIENCY REPORT ========================
Job ID: 10681213
Cluster: justus2
User/Group: tu_zxocf24/tu_tu
State: FAILED (exit code 127)
Nodes: 1
Cores per node: 24
CPU Utilized: 11-23:12:30
CPU Efficiency: 82.19% of 14-13:27:12 core-walltime
Job Wall-clock time: 14:33:38
Memory Utilized: 2.72 GB
Memory Efficiency: 5.67% of 48.00 GB
