----------------------------------------------- 
  Element       SASA      Sigma Z        Total  
     Z         Ang**2 cal/Ang**2/mol   kcal/mol 
----------------------------------------------- 
      H         71.099      48.690       3.462
      C         57.529     129.740       7.464
      N         13.996       0.000       0.000
      O         48.242       0.000       0.000
      F         29.192      38.180       1.115
      S         32.271      -9.100      -0.294

 Subtotal:     252.330                  11.747
 -----------------------------------------------

  Elements    COT*SASA   Sigma Z,Z'     Total   
    Z,Z'       Ang**2  cal/Ang**2/mol kcal/mol  
 ---------------------------------------------- 
  H   C         47.942     -60.770      -2.913
  H   O          0.000       0.000       0.000
  C   C         46.599     -72.950      -3.399
  O   C          0.000      68.690       0.000
  O   O          0.000       0.000       0.000
  C   N         14.418       0.000       0.000
  N   C         23.972     -48.220      -1.156
  N  C(3)        6.381      84.100       0.537
  O   N         29.011     121.980       3.539

 Subtotal:                              -3.393
 ---------------------------------------------- 

 NONAQUEOUS SOLVENT CONTRIBUTION (kcal/mol):
 (proportional to SASA, atomic number independent)
 ---------------------------------------------- 
 Subtotal:                               0.000
 ---------------------------------------------- 

 CDS TOTAL (kcal/mol):                   8.353
...............................................................................
