
	 Module chem/orca/5.0.1 has been loaded

	 Activated primary packages:
		 ORCA version 5.0.1

	 Activated secondary packages:
		 OpenMPI version 4.0
		 Intel Compiler version 19.1.2


[file orca_main/run.cpp, line 12281]: ORCA finished with error return - aborting the run

======================== JOB EFFICIENCY REPORT ========================
Job ID: 10681365
Cluster: justus2
User/Group: tu_zxocf24/tu_tu
State: FAILED (exit code 2)
Nodes: 1
Cores per node: 24
CPU Utilized: 15-03:56:21
CPU Efficiency: 84.63% of 17-22:01:12 core-walltime
Job Wall-clock time: 17:55:03
Memory Utilized: 2.32 GB
Memory Efficiency: 4.84% of 48.00 GB
