----------------------------------------------- 
  Element       SASA      Sigma Z        Total  
     Z         Ang**2 cal/Ang**2/mol   kcal/mol 
----------------------------------------------- 
      H         73.157      48.690       3.562
      C         60.077     129.740       7.794
      N         17.517       0.000       0.000
      O         48.456       0.000       0.000
      F         21.371      38.180       0.816
      S         44.090      -9.100      -0.401

 Subtotal:     264.668                  11.771
 -----------------------------------------------

  Elements    COT*SASA   Sigma Z,Z'     Total   
    Z,Z'       Ang**2  cal/Ang**2/mol kcal/mol  
 ---------------------------------------------- 
  H   C         49.512     -60.770      -3.009
  H   O          0.000       0.000       0.000
  C   C         52.345     -72.950      -3.819
  O   C          0.000      68.690       0.000
  O   O          0.000       0.000       0.000
  C   N         12.908       0.000       0.000
  N   C         49.742     -48.220      -2.399
  N  C(3)        0.000      84.100       0.000
  O   N         27.674     121.980       3.376

 Subtotal:                              -5.850
 ---------------------------------------------- 

 NONAQUEOUS SOLVENT CONTRIBUTION (kcal/mol):
 (proportional to SASA, atomic number independent)
 ---------------------------------------------- 
 Subtotal:                               0.000
 ---------------------------------------------- 

 CDS TOTAL (kcal/mol):                   5.921
...............................................................................
