----------------------------------------------- 
  Element       SASA      Sigma Z        Total  
     Z         Ang**2 cal/Ang**2/mol   kcal/mol 
----------------------------------------------- 
      H         73.337      48.690       3.571
      C         60.235     129.740       7.815
      N         17.643       0.000       0.000
      O         48.395       0.000       0.000
      F         21.373      38.180       0.816
      S         44.087      -9.100      -0.401

 Subtotal:     265.070                  11.800
 -----------------------------------------------

  Elements    COT*SASA   Sigma Z,Z'     Total   
    Z,Z'       Ang**2  cal/Ang**2/mol kcal/mol  
 ---------------------------------------------- 
  H   C         49.606     -60.770      -3.015
  H   O          0.000       0.000       0.000
  C   C         52.546     -72.950      -3.833
  O   C          0.000      68.690       0.000
  O   O          0.000       0.000       0.000
  C   N         12.812       0.000       0.000
  N   C         50.007     -48.220      -2.411
  N  C(3)        0.000      84.100       0.000
  O   N         27.909     121.980       3.404

 Subtotal:                              -5.855
 ---------------------------------------------- 

 NONAQUEOUS SOLVENT CONTRIBUTION (kcal/mol):
 (proportional to SASA, atomic number independent)
 ---------------------------------------------- 
 Subtotal:                               0.000
 ---------------------------------------------- 

 CDS TOTAL (kcal/mol):                   5.946
...............................................................................
